// Jest Snapshot v1, https://goo.gl/fbAQLP

exports[`buttons utilities getCSSButtons should generate CSS variable names for a given Colors object 1`] = `
Object {
  "sizes": Object {
    "large": Object {
      "border": Object {
        "bottom": Object {
          "color": "hsl(222, 50%, 50%, 1)",
          "radius": "3px",
          "style": "solid",
          "width": "1px",
        },
        "default": Object {
          "color": "hsl(222, 50%, 50%, 1)",
          "radius": "4px",
          "style": "solid",
          "width": "1px",
        },
        "left": Object {
          "color": "hsl(222, 50%, 50%, 1)",
          "radius": "3px",
          "style": "solid",
          "width": "1px",
        },
        "right": Object {
          "color": "hsl(222, 50%, 50%, 1)",
          "radius": "3px",
          "style": "solid",
          "width": "1px",
        },
        "top": Object {
          "color": "hsl(222, 50%, 50%, 1)",
          "radius": "3px",
          "style": "solid",
          "width": "1px",
        },
      },
      "height": "56px",
      "iconMargin": Object {
        "bottom": "",
        "left": "10px",
        "right": "10px",
        "top": "",
      },
      "iconSize": "24px",
      "outline": Object {
        "color": "hsl(222, 50%, 50%, 1)",
        "radius": "3px",
        "style": "solid",
        "width": "1px",
      },
      "padding": Object {
        "bottom": "",
        "default": "",
        "left": "16px",
        "right": "16px",
        "top": "",
      },
      "width": "",
    },
    "medium": Object {
      "border": Object {
        "bottom": Object {
          "color": "hsl(222, 50%, 50%, 1)",
          "radius": "3px",
          "style": "solid",
          "width": "1px",
        },
        "default": Object {
          "color": "hsl(222, 50%, 50%, 1)",
          "radius": "4px",
          "style": "solid",
          "width": "1px",
        },
        "left": Object {
          "color": "hsl(222, 50%, 50%, 1)",
          "radius": "3px",
          "style": "solid",
          "width": "1px",
        },
        "right": Object {
          "color": "hsl(222, 50%, 50%, 1)",
          "radius": "3px",
          "style": "solid",
          "width": "1px",
        },
        "top": Object {
          "color": "hsl(222, 50%, 50%, 1)",
          "radius": "3px",
          "style": "solid",
          "width": "1px",
        },
      },
      "height": "40px",
      "iconMargin": Object {
        "bottom": "",
        "left": "10px",
        "right": "10px",
        "top": "",
      },
      "iconSize": "16px",
      "outline": Object {
        "color": "hsl(222, 50%, 50%, 1)",
        "radius": "3px",
        "style": "solid",
        "width": "1px",
      },
      "padding": Object {
        "bottom": "",
        "default": "",
        "left": "10px",
        "right": "10px",
        "top": "",
      },
      "width": "",
    },
    "small": Object {
      "border": Object {
        "bottom": Object {
          "color": "hsl(222, 50%, 50%, 1)",
          "radius": "3px",
          "style": "solid",
          "width": "1px",
        },
        "default": Object {
          "color": "hsl(222, 50%, 50%, 1)",
          "radius": "3px",
          "style": "solid",
          "width": "1px",
        },
        "left": Object {
          "color": "hsl(222, 50%, 50%, 1)",
          "radius": "3px",
          "style": "solid",
          "width": "1px",
        },
        "right": Object {
          "color": "hsl(222, 50%, 50%, 1)",
          "radius": "3px",
          "style": "solid",
          "width": "1px",
        },
        "top": Object {
          "color": "hsl(222, 50%, 50%, 1)",
          "radius": "3px",
          "style": "solid",
          "width": "1px",
        },
      },
      "height": "32px",
      "iconMargin": Object {
        "bottom": "",
        "left": "10px",
        "right": "10px",
        "top": "",
      },
      "iconSize": "16px",
      "outline": Object {
        "color": "hsl(222, 50%, 50%, 1)",
        "radius": "3px",
        "style": "solid",
        "width": "1px",
      },
      "padding": Object {
        "bottom": "",
        "default": "",
        "left": "8px",
        "right": "8px",
        "top": "",
      },
      "width": "",
    },
    "xSmall": Object {
      "border": Object {
        "bottom": Object {
          "color": "hsl(222, 50%, 50%, 1)",
          "radius": "3px",
          "style": "solid",
          "width": "1px",
        },
        "default": Object {
          "color": "hsl(222, 50%, 50%, 1)",
          "radius": "3px",
          "style": "solid",
          "width": "1px",
        },
        "left": Object {
          "color": "hsl(222, 50%, 50%, 1)",
          "radius": "3px",
          "style": "solid",
          "width": "1px",
        },
        "right": Object {
          "color": "hsl(222, 50%, 50%, 1)",
          "radius": "3px",
          "style": "solid",
          "width": "1px",
        },
        "top": Object {
          "color": "hsl(222, 50%, 50%, 1)",
          "radius": "3px",
          "style": "solid",
          "width": "1px",
        },
      },
      "height": "24px",
      "iconMargin": Object {
        "bottom": "",
        "left": "10px",
        "right": "10px",
        "top": "",
      },
      "iconSize": "16px",
      "outline": Object {
        "color": "hsl(222, 50%, 50%, 1)",
        "radius": "3px",
        "style": "solid",
        "width": "1px",
      },
      "padding": Object {
        "bottom": "",
        "default": "",
        "left": "6px",
        "right": "6px",
        "top": "",
      },
      "width": "",
    },
  },
  "variants": Object {
    "danger": Object {
      "backgroundColor": "hsl(360, 84%, 48%, 1)",
      "backgroundColorActive": "hsl(360, 84%, 27%, 1)",
      "backgroundColorDisabled": "hsl(222, 6%, 90%, 1)",
      "borderColor": "hsl(360, 84%, 48%, 1)",
      "borderColorActive": "hsl(360, 84%, 48%, 1)",
      "borderColorDisabled": "hsl(222, 6%, 90%, 1)",
      "iconColor": "hsl(222, 10%, 100%, 1)",
      "iconColorActive": "hsl(222, 10%, 100%, 1)",
      "iconColorDisabled": "hsl(222, 10%, 100%, 1)",
      "outlineColor": "hsl(360, 84%, 48%, 1)",
      "outlineColorActive": "hsl(360, 84%, 48%, 1)",
      "outlineColorDisabled": "hsl(360, 84%, 48%, 1)",
      "textColor": "hsl(222, 10%, 100%, 1)",
      "textColorActive": "hsl(222, 10%, 100%, 1)",
      "textColorDisabled": "hsl(222, 6%, 73%, 1)",
    },
    "positive": Object {
      "backgroundColor": "hsl(112, 71%, 53%, 1)",
      "backgroundColorActive": "hsl(112, 71%, 32%, 1)",
      "backgroundColorDisabled": "hsl(222, 6%, 90%, 1)",
      "borderColor": "hsl(112, 71%, 53%, 1)",
      "borderColorActive": "hsl(112, 71%, 53%, 1)",
      "borderColorDisabled": "hsl(222, 6%, 90%, 1)",
      "iconColor": "hsl(222, 10%, 100%, 1)",
      "iconColorActive": "hsl(222, 10%, 100%, 1)",
      "iconColorDisabled": "hsl(222, 10%, 100%, 1)",
      "outlineColor": "hsl(112, 71%, 53%, 1)",
      "outlineColorActive": "hsl(112, 71%, 53%, 1)",
      "outlineColorDisabled": "hsl(112, 71%, 53%, 1)",
      "textColor": "hsl(222, 10%, 100%, 1)",
      "textColorActive": "hsl(222, 10%, 100%, 1)",
      "textColorDisabled": "hsl(222, 6%, 73%, 1)",
    },
    "primary": Object {
      "backgroundColor": "hsl(222, 50%, 50%, 1)",
      "backgroundColorActive": "hsl(222, 50%, 32%, 1)",
      "backgroundColorDisabled": "hsl(222, 6%, 90%, 1)",
      "borderColor": "hsl(222, 50%, 50%, 1)",
      "borderColorActive": "hsl(222, 50%, 50%, 1)",
      "borderColorDisabled": "hsl(222, 6%, 90%, 1)",
      "iconColor": "hsl(222, 10%, 100%, 1)",
      "iconColorActive": "hsl(222, 10%, 100%, 1)",
      "iconColorDisabled": "hsl(222, 10%, 100%, 1)",
      "outlineColor": "hsl(222, 50%, 50%, 1)",
      "outlineColorActive": "hsl(222, 50%, 50%, 1)",
      "outlineColorDisabled": "hsl(222, 50%, 50%, 1)",
      "textColor": "hsl(222, 10%, 100%, 1)",
      "textColorActive": "hsl(222, 10%, 100%, 1)",
      "textColorDisabled": "hsl(222, 6%, 73%, 1)",
    },
    "secondary": Object {
      "backgroundColor": "hsl(0, 0%, 0%, 0)",
      "backgroundColorActive": "hsl(222, 50%, 86%, 1)",
      "backgroundColorDisabled": "hsl(222, 6%, 90%, 1)",
      "borderColor": "hsl(222, 50%, 50%, 1)",
      "borderColorActive": "hsl(222, 50%, 50%, 1)",
      "borderColorDisabled": "hsl(222, 6%, 90%, 1)",
      "iconColor": "hsl(222, 50%, 50%, 1)",
      "iconColorActive": "hsl(222, 50%, 50%, 1)",
      "iconColorDisabled": "hsl(222, 50%, 50%, 1)",
      "outlineColor": "hsl(222, 50%, 50%, 1)",
      "outlineColorActive": "hsl(222, 50%, 50%, 1)",
      "outlineColorDisabled": "hsl(222, 50%, 50%, 1)",
      "textColor": "hsl(222, 50%, 50%, 1)",
      "textColorActive": "hsl(222, 50%, 50%, 1)",
      "textColorDisabled": "hsl(222, 6%, 73%, 1)",
    },
    "tertiary": Object {
      "backgroundColor": "hsl(0, 0%, 0%, 0)",
      "backgroundColorActive": "hsl(222, 50%, 86%, 1)",
      "backgroundColorDisabled": "hsl(222, 6%, 90%, 1)",
      "borderColor": "hsl(0, 0%, 0%, 0)",
      "borderColorActive": "hsl(0, 0%, 0%, 0)",
      "borderColorDisabled": "hsl(222, 6%, 90%, 1)",
      "iconColor": "hsl(222, 50%, 50%, 1)",
      "iconColorActive": "hsl(222, 50%, 50%, 1)",
      "iconColorDisabled": "hsl(222, 50%, 50%, 1)",
      "outlineColor": "hsl(222, 50%, 50%, 1)",
      "outlineColorActive": "hsl(222, 50%, 50%, 1)",
      "outlineColorDisabled": "hsl(222, 50%, 50%, 1)",
      "textColor": "hsl(222, 50%, 50%, 1)",
      "textColorActive": "hsl(222, 50%, 50%, 1)",
      "textColorDisabled": "hsl(222, 6%, 73%, 1)",
    },
    "warning": Object {
      "backgroundColor": "hsl(47, 90%, 54%, 1)",
      "backgroundColorActive": "hsl(47, 90%, 33%, 1)",
      "backgroundColorDisabled": "hsl(222, 6%, 90%, 1)",
      "borderColor": "hsl(47, 90%, 54%, 1)",
      "borderColorActive": "hsl(47, 90%, 54%, 1)",
      "borderColorDisabled": "hsl(222, 6%, 90%, 1)",
      "iconColor": "hsl(222, 10%, 100%, 1)",
      "iconColorActive": "hsl(222, 10%, 100%, 1)",
      "iconColorDisabled": "hsl(222, 10%, 100%, 1)",
      "outlineColor": "hsl(47, 90%, 54%, 1)",
      "outlineColorActive": "hsl(47, 90%, 54%, 1)",
      "outlineColorDisabled": "hsl(47, 90%, 54%, 1)",
      "textColor": "hsl(222, 10%, 100%, 1)",
      "textColorActive": "hsl(222, 10%, 100%, 1)",
      "textColorDisabled": "hsl(222, 6%, 73%, 1)",
    },
  },
}
`;
