// Jest Snapshot v1, https://goo.gl/fbAQLP

exports[`layout utilities getCSSLayout should create a valid CSS layout config 1`] = `
Object {
  "asideWidth": "260px",
  "breakpoints": Object {
    "desktopLarge": "1600px",
    "desktopMedium": "1440px",
    "desktopSmall": "1280px",
    "desktopXLarge": "1920px",
    "mobileMedium": "414px",
    "mobileSmall": "375px",
    "mobileXSmall": "320px",
    "tabletLandscape": "1024px",
    "tabletPortrait": "768px",
  },
  "contentMargins": Object {
    "desktop": "40px",
    "mobile": "24px",
    "tablet": "40px",
  },
  "contentWidth": Object {
    "desktopBlogMaxWidth": "800px",
    "desktopDocsMaxWidth": "800px",
    "desktopMaxWidth": "1200px",
  },
  "footerHeight": Object {
    "desktop": "210px",
    "mobile": "210px",
    "tablet": "210px",
  },
  "media": Object {
    "desktopLarge": "screen and (min-width: 1600px)",
    "desktopLargeOnly": "screen and (min-width: 1600px) and (max-width: 1920px)",
    "desktopMedium": "screen and (min-width: 1440px)",
    "desktopMediumOnly": "screen and (min-width: 1440px) and (max-width: 1600px)",
    "desktopSmall": "screen and (min-width: 1280px)",
    "desktopSmallOnly": "screen and (min-width: 1280px) and (max-width: 1440px)",
    "desktopXLarge": "screen and (min-width: 1920px)",
    "desktopXLargeOnly": "screen and (min-width: 1920px)",
    "mobile": "screen and (max-width: 768px)",
    "mobileOnly": "screen and (min-width: 0px) and (max-width: 768px)",
    "tablet": "screen and (min-width: 768px)",
    "tabletOnly": "screen and (min-width: 768px) and (max-width: 1280px)",
  },
  "navbarHeight": Object {
    "desktop": "64px",
    "mobile": "56px",
    "tablet": "56px",
  },
  "sidebarWidth": Object {
    "desktop": "270px",
    "mobile": "375px",
    "tablet": "270px",
  },
  "var": Object {
    "asideWidth": "var(--layout-aside-width)",
    "breakpoints": Object {
      "desktopLarge": "var(--layout-breakpoints-desktop-large)",
      "desktopMedium": "var(--layout-breakpoints-desktop-medium)",
      "desktopSmall": "var(--layout-breakpoints-desktop-small)",
      "desktopXLarge": "var(--layout-breakpoints-desktop-x-large)",
      "mobileMedium": "var(--layout-breakpoints-mobile-medium)",
      "mobileSmall": "var(--layout-breakpoints-mobile-small)",
      "mobileXSmall": "var(--layout-breakpoints-mobile-x-small)",
      "tabletLandscape": "var(--layout-breakpoints-tablet-landscape)",
      "tabletPortrait": "var(--layout-breakpoints-tablet-portrait)",
    },
    "contentMargins": "var(--layout-content-margins)",
    "contentWidth": Object {
      "desktopBlogMaxWidth": "var(--layout-content-width-desktop-blog-max-width)",
      "desktopDocsMaxWidth": "var(--layout-content-width-desktop-docs-max-width)",
      "desktopMaxWidth": "var(--layout-content-width-desktop-max-width)",
    },
    "footerHeight": "var(--layout-footer-height)",
    "navbarHeight": "var(--layout-navbar-height)",
    "sidebarWidth": "var(--layout-sidebar-width)",
  },
  "varNames": Object {
    "asideWidth": "--layout-aside-width",
    "breakpoints": Object {
      "desktopLarge": "--layout-breakpoints-desktop-large",
      "desktopMedium": "--layout-breakpoints-desktop-medium",
      "desktopSmall": "--layout-breakpoints-desktop-small",
      "desktopXLarge": "--layout-breakpoints-desktop-x-large",
      "mobileMedium": "--layout-breakpoints-mobile-medium",
      "mobileSmall": "--layout-breakpoints-mobile-small",
      "mobileXSmall": "--layout-breakpoints-mobile-x-small",
      "tabletLandscape": "--layout-breakpoints-tablet-landscape",
      "tabletPortrait": "--layout-breakpoints-tablet-portrait",
    },
    "contentMargins": "--layout-content-margins",
    "contentWidth": Object {
      "desktopBlogMaxWidth": "--layout-content-width-desktop-blog-max-width",
      "desktopDocsMaxWidth": "--layout-content-width-desktop-docs-max-width",
      "desktopMaxWidth": "--layout-content-width-desktop-max-width",
    },
    "footerHeight": "--layout-footer-height",
    "navbarHeight": "--layout-navbar-height",
    "sidebarWidth": "--layout-sidebar-width",
  },
  "zIndex": Object {
    "chatBubble": 130,
    "content": 50,
    "dialog": 70,
    "navBar": 100,
    "notifications": 120,
    "sideBarDesktop": 90,
    "sideBarMobile": 110,
  },
}
`;
