// Jest Snapshot v1, https://goo.gl/fbAQLP

exports[`theme utilities createCSSTheme should create a valid CSS theme 1`] = `"core-react-ui"`;

exports[`theme utilities createCSSTheme should create a valid CSS theme 2`] = `"LIGHT"`;
