// Jest Snapshot v1, https://goo.gl/fbAQLP

exports[`typography v2 utilities getCSSTypographyV2 should create a valid CSS typography object 1`] = `
Object {
  "fonts": Object {
    "monospace": "ui-monospace,SFMono-Regular,Menlo,Monaco,Consolas,\\"Liberation Mono\\",\\"Courier New\\",monospace",
    "sans": "Inter,ui-sans-serif,system-ui,-apple-system,BlinkMacSystemFont,\\"Segoe UI\\",Roboto,\\"Helvetica Neue\\",Arial,\\"Noto Sans\\",sans-serif,\\"Apple Color Emoji\\",\\"Segoe UI Emoji\\",\\"Segoe UI Symbol\\",\\"Noto Color Emoji\\"",
    "sansAlternate": "Inter,ui-sans-serif,system-ui,-apple-system,BlinkMacSystemFont,\\"Segoe UI\\",Roboto,\\"Helvetica Neue\\",Arial,\\"Noto Sans\\",sans-serif,\\"Apple Color Emoji\\",\\"Segoe UI Emoji\\",\\"Segoe UI Symbol\\",\\"Noto Color Emoji\\"",
    "serif": "PT Serif,ui-serif,Georgia,Cambria,\\"Times New Roman\\",Times,serif",
  },
  "headings": Object {
    "desktop": Object {
      "h1": Object {
        "capsize": Object {
          "baselineTrim": "-0.25em",
          "capHeightTrim": "-0.25em",
          "fontSize": "36px",
          "lineHeight": "44.1818px",
        },
        "font": "Inter,ui-sans-serif,system-ui,-apple-system,BlinkMacSystemFont,\\"Segoe UI\\",Roboto,\\"Helvetica Neue\\",Arial,\\"Noto Sans\\",sans-serif,\\"Apple Color Emoji\\",\\"Segoe UI Emoji\\",\\"Segoe UI Symbol\\",\\"Noto Color Emoji\\"",
        "fontFamily": "Inter,ui-sans-serif,system-ui,-apple-system,BlinkMacSystemFont,\\"Segoe UI\\",Roboto,\\"Helvetica Neue\\",Arial,\\"Noto Sans\\",sans-serif,\\"Apple Color Emoji\\",\\"Segoe UI Emoji\\",\\"Segoe UI Symbol\\",\\"Noto Color Emoji\\"",
        "fontStyle": undefined,
        "fontWeight": "500",
        "letterSpacing": "-0.03em",
        "textDecoration": undefined,
        "textTransform": undefined,
      },
      "h2": Object {
        "capsize": Object {
          "baselineTrim": "-0.2857em",
          "capHeightTrim": "-0.2857em",
          "fontSize": "28px",
          "lineHeight": "36.3636px",
        },
        "font": "Inter,ui-sans-serif,system-ui,-apple-system,BlinkMacSystemFont,\\"Segoe UI\\",Roboto,\\"Helvetica Neue\\",Arial,\\"Noto Sans\\",sans-serif,\\"Apple Color Emoji\\",\\"Segoe UI Emoji\\",\\"Segoe UI Symbol\\",\\"Noto Color Emoji\\"",
        "fontFamily": "Inter,ui-sans-serif,system-ui,-apple-system,BlinkMacSystemFont,\\"Segoe UI\\",Roboto,\\"Helvetica Neue\\",Arial,\\"Noto Sans\\",sans-serif,\\"Apple Color Emoji\\",\\"Segoe UI Emoji\\",\\"Segoe UI Symbol\\",\\"Noto Color Emoji\\"",
        "fontStyle": undefined,
        "fontWeight": "500",
        "letterSpacing": "-0.02em",
        "textDecoration": undefined,
        "textTransform": undefined,
      },
      "h3": Object {
        "capsize": Object {
          "baselineTrim": "-0.35em",
          "capHeightTrim": "-0.35em",
          "fontSize": "20px",
          "lineHeight": "28.5455px",
        },
        "font": "Inter,ui-sans-serif,system-ui,-apple-system,BlinkMacSystemFont,\\"Segoe UI\\",Roboto,\\"Helvetica Neue\\",Arial,\\"Noto Sans\\",sans-serif,\\"Apple Color Emoji\\",\\"Segoe UI Emoji\\",\\"Segoe UI Symbol\\",\\"Noto Color Emoji\\"",
        "fontFamily": "Inter,ui-sans-serif,system-ui,-apple-system,BlinkMacSystemFont,\\"Segoe UI\\",Roboto,\\"Helvetica Neue\\",Arial,\\"Noto Sans\\",sans-serif,\\"Apple Color Emoji\\",\\"Segoe UI Emoji\\",\\"Segoe UI Symbol\\",\\"Noto Color Emoji\\"",
        "fontStyle": undefined,
        "fontWeight": "500",
        "letterSpacing": "0px",
        "textDecoration": undefined,
        "textTransform": undefined,
      },
      "h4": Object {
        "capsize": Object {
          "baselineTrim": "-0.4375em",
          "capHeightTrim": "-0.4375em",
          "fontSize": "16px",
          "lineHeight": "25.6364px",
        },
        "font": "Inter,ui-sans-serif,system-ui,-apple-system,BlinkMacSystemFont,\\"Segoe UI\\",Roboto,\\"Helvetica Neue\\",Arial,\\"Noto Sans\\",sans-serif,\\"Apple Color Emoji\\",\\"Segoe UI Emoji\\",\\"Segoe UI Symbol\\",\\"Noto Color Emoji\\"",
        "fontFamily": "Inter,ui-sans-serif,system-ui,-apple-system,BlinkMacSystemFont,\\"Segoe UI\\",Roboto,\\"Helvetica Neue\\",Arial,\\"Noto Sans\\",sans-serif,\\"Apple Color Emoji\\",\\"Segoe UI Emoji\\",\\"Segoe UI Symbol\\",\\"Noto Color Emoji\\"",
        "fontStyle": undefined,
        "fontWeight": "500",
        "letterSpacing": "0px",
        "textDecoration": undefined,
        "textTransform": undefined,
      },
    },
    "font": "Inter,ui-sans-serif,system-ui,-apple-system,BlinkMacSystemFont,\\"Segoe UI\\",Roboto,\\"Helvetica Neue\\",Arial,\\"Noto Sans\\",sans-serif,\\"Apple Color Emoji\\",\\"Segoe UI Emoji\\",\\"Segoe UI Symbol\\",\\"Noto Color Emoji\\"",
    "fontFamily": "Inter,ui-sans-serif,system-ui,-apple-system,BlinkMacSystemFont,\\"Segoe UI\\",Roboto,\\"Helvetica Neue\\",Arial,\\"Noto Sans\\",sans-serif,\\"Apple Color Emoji\\",\\"Segoe UI Emoji\\",\\"Segoe UI Symbol\\",\\"Noto Color Emoji\\"",
    "fontStyle": undefined,
    "fontWeight": "500",
    "letterSpacing": "-0.02em",
    "mobile": Object {
      "h1": Object {
        "capsize": Object {
          "baselineTrim": "-0.2797em",
          "capHeightTrim": "-0.2797em",
          "fontSize": "35.75px",
          "lineHeight": "46px",
        },
        "font": "Inter,ui-sans-serif,system-ui,-apple-system,BlinkMacSystemFont,\\"Segoe UI\\",Roboto,\\"Helvetica Neue\\",Arial,\\"Noto Sans\\",sans-serif,\\"Apple Color Emoji\\",\\"Segoe UI Emoji\\",\\"Segoe UI Symbol\\",\\"Noto Color Emoji\\"",
        "fontFamily": "Inter,ui-sans-serif,system-ui,-apple-system,BlinkMacSystemFont,\\"Segoe UI\\",Roboto,\\"Helvetica Neue\\",Arial,\\"Noto Sans\\",sans-serif,\\"Apple Color Emoji\\",\\"Segoe UI Emoji\\",\\"Segoe UI Symbol\\",\\"Noto Color Emoji\\"",
        "fontStyle": undefined,
        "fontWeight": "500",
        "letterSpacing": "-0.03em",
        "textDecoration": undefined,
        "textTransform": undefined,
      },
      "h2": Object {
        "capsize": Object {
          "baselineTrim": "-0.3273em",
          "capHeightTrim": "-0.3273em",
          "fontSize": "27.5px",
          "lineHeight": "38px",
        },
        "font": "Inter,ui-sans-serif,system-ui,-apple-system,BlinkMacSystemFont,\\"Segoe UI\\",Roboto,\\"Helvetica Neue\\",Arial,\\"Noto Sans\\",sans-serif,\\"Apple Color Emoji\\",\\"Segoe UI Emoji\\",\\"Segoe UI Symbol\\",\\"Noto Color Emoji\\"",
        "fontFamily": "Inter,ui-sans-serif,system-ui,-apple-system,BlinkMacSystemFont,\\"Segoe UI\\",Roboto,\\"Helvetica Neue\\",Arial,\\"Noto Sans\\",sans-serif,\\"Apple Color Emoji\\",\\"Segoe UI Emoji\\",\\"Segoe UI Symbol\\",\\"Noto Color Emoji\\"",
        "fontStyle": undefined,
        "fontWeight": "500",
        "letterSpacing": "-0.02em",
        "textDecoration": undefined,
        "textTransform": undefined,
      },
      "h3": Object {
        "capsize": Object {
          "baselineTrim": "-0.3636em",
          "capHeightTrim": "-0.3636em",
          "fontSize": "22px",
          "lineHeight": "32px",
        },
        "font": "Inter,ui-sans-serif,system-ui,-apple-system,BlinkMacSystemFont,\\"Segoe UI\\",Roboto,\\"Helvetica Neue\\",Arial,\\"Noto Sans\\",sans-serif,\\"Apple Color Emoji\\",\\"Segoe UI Emoji\\",\\"Segoe UI Symbol\\",\\"Noto Color Emoji\\"",
        "fontFamily": "Inter,ui-sans-serif,system-ui,-apple-system,BlinkMacSystemFont,\\"Segoe UI\\",Roboto,\\"Helvetica Neue\\",Arial,\\"Noto Sans\\",sans-serif,\\"Apple Color Emoji\\",\\"Segoe UI Emoji\\",\\"Segoe UI Symbol\\",\\"Noto Color Emoji\\"",
        "fontStyle": undefined,
        "fontWeight": "500",
        "letterSpacing": "0px",
        "textDecoration": undefined,
        "textTransform": undefined,
      },
      "h4": Object {
        "capsize": Object {
          "baselineTrim": "-0.3636em",
          "capHeightTrim": "-0.3636em",
          "fontSize": "19.25px",
          "lineHeight": "28px",
        },
        "font": "Inter,ui-sans-serif,system-ui,-apple-system,BlinkMacSystemFont,\\"Segoe UI\\",Roboto,\\"Helvetica Neue\\",Arial,\\"Noto Sans\\",sans-serif,\\"Apple Color Emoji\\",\\"Segoe UI Emoji\\",\\"Segoe UI Symbol\\",\\"Noto Color Emoji\\"",
        "fontFamily": "Inter,ui-sans-serif,system-ui,-apple-system,BlinkMacSystemFont,\\"Segoe UI\\",Roboto,\\"Helvetica Neue\\",Arial,\\"Noto Sans\\",sans-serif,\\"Apple Color Emoji\\",\\"Segoe UI Emoji\\",\\"Segoe UI Symbol\\",\\"Noto Color Emoji\\"",
        "fontStyle": undefined,
        "fontWeight": "500",
        "letterSpacing": "0px",
        "textDecoration": undefined,
        "textTransform": undefined,
      },
    },
    "styles": Object {},
    "tablet": Object {
      "h1": Object {
        "capsize": Object {
          "baselineTrim": "-0.2797em",
          "capHeightTrim": "-0.2797em",
          "fontSize": "35.75px",
          "lineHeight": "46px",
        },
        "font": "Inter,ui-sans-serif,system-ui,-apple-system,BlinkMacSystemFont,\\"Segoe UI\\",Roboto,\\"Helvetica Neue\\",Arial,\\"Noto Sans\\",sans-serif,\\"Apple Color Emoji\\",\\"Segoe UI Emoji\\",\\"Segoe UI Symbol\\",\\"Noto Color Emoji\\"",
        "fontFamily": "Inter,ui-sans-serif,system-ui,-apple-system,BlinkMacSystemFont,\\"Segoe UI\\",Roboto,\\"Helvetica Neue\\",Arial,\\"Noto Sans\\",sans-serif,\\"Apple Color Emoji\\",\\"Segoe UI Emoji\\",\\"Segoe UI Symbol\\",\\"Noto Color Emoji\\"",
        "fontStyle": undefined,
        "fontWeight": "500",
        "letterSpacing": "-0.03em",
        "textDecoration": undefined,
        "textTransform": undefined,
      },
      "h2": Object {
        "capsize": Object {
          "baselineTrim": "-0.3273em",
          "capHeightTrim": "-0.3273em",
          "fontSize": "27.5px",
          "lineHeight": "38px",
        },
        "font": "Inter,ui-sans-serif,system-ui,-apple-system,BlinkMacSystemFont,\\"Segoe UI\\",Roboto,\\"Helvetica Neue\\",Arial,\\"Noto Sans\\",sans-serif,\\"Apple Color Emoji\\",\\"Segoe UI Emoji\\",\\"Segoe UI Symbol\\",\\"Noto Color Emoji\\"",
        "fontFamily": "Inter,ui-sans-serif,system-ui,-apple-system,BlinkMacSystemFont,\\"Segoe UI\\",Roboto,\\"Helvetica Neue\\",Arial,\\"Noto Sans\\",sans-serif,\\"Apple Color Emoji\\",\\"Segoe UI Emoji\\",\\"Segoe UI Symbol\\",\\"Noto Color Emoji\\"",
        "fontStyle": undefined,
        "fontWeight": "500",
        "letterSpacing": "-0.02em",
        "textDecoration": undefined,
        "textTransform": undefined,
      },
      "h3": Object {
        "capsize": Object {
          "baselineTrim": "-0.3636em",
          "capHeightTrim": "-0.3636em",
          "fontSize": "22px",
          "lineHeight": "32px",
        },
        "font": "Inter,ui-sans-serif,system-ui,-apple-system,BlinkMacSystemFont,\\"Segoe UI\\",Roboto,\\"Helvetica Neue\\",Arial,\\"Noto Sans\\",sans-serif,\\"Apple Color Emoji\\",\\"Segoe UI Emoji\\",\\"Segoe UI Symbol\\",\\"Noto Color Emoji\\"",
        "fontFamily": "Inter,ui-sans-serif,system-ui,-apple-system,BlinkMacSystemFont,\\"Segoe UI\\",Roboto,\\"Helvetica Neue\\",Arial,\\"Noto Sans\\",sans-serif,\\"Apple Color Emoji\\",\\"Segoe UI Emoji\\",\\"Segoe UI Symbol\\",\\"Noto Color Emoji\\"",
        "fontStyle": undefined,
        "fontWeight": "500",
        "letterSpacing": "0px",
        "textDecoration": undefined,
        "textTransform": undefined,
      },
      "h4": Object {
        "capsize": Object {
          "baselineTrim": "-0.3636em",
          "capHeightTrim": "-0.3636em",
          "fontSize": "19.25px",
          "lineHeight": "28px",
        },
        "font": "Inter,ui-sans-serif,system-ui,-apple-system,BlinkMacSystemFont,\\"Segoe UI\\",Roboto,\\"Helvetica Neue\\",Arial,\\"Noto Sans\\",sans-serif,\\"Apple Color Emoji\\",\\"Segoe UI Emoji\\",\\"Segoe UI Symbol\\",\\"Noto Color Emoji\\"",
        "fontFamily": "Inter,ui-sans-serif,system-ui,-apple-system,BlinkMacSystemFont,\\"Segoe UI\\",Roboto,\\"Helvetica Neue\\",Arial,\\"Noto Sans\\",sans-serif,\\"Apple Color Emoji\\",\\"Segoe UI Emoji\\",\\"Segoe UI Symbol\\",\\"Noto Color Emoji\\"",
        "fontStyle": undefined,
        "fontWeight": "500",
        "letterSpacing": "0px",
        "textDecoration": undefined,
        "textTransform": undefined,
      },
    },
    "textDecoration": undefined,
    "textTransform": undefined,
  },
  "labels": Object {
    "desktop": Object {
      "medium": Object {
        "capsize": Object {
          "baselineTrim": "-0.4em",
          "capHeightTrim": "-0.4em",
          "fontSize": "15px",
          "lineHeight": "22.9091px",
        },
        "font": "Inter,ui-sans-serif,system-ui,-apple-system,BlinkMacSystemFont,\\"Segoe UI\\",Roboto,\\"Helvetica Neue\\",Arial,\\"Noto Sans\\",sans-serif,\\"Apple Color Emoji\\",\\"Segoe UI Emoji\\",\\"Segoe UI Symbol\\",\\"Noto Color Emoji\\"",
        "fontFamily": "Inter,ui-sans-serif,system-ui,-apple-system,BlinkMacSystemFont,\\"Segoe UI\\",Roboto,\\"Helvetica Neue\\",Arial,\\"Noto Sans\\",sans-serif,\\"Apple Color Emoji\\",\\"Segoe UI Emoji\\",\\"Segoe UI Symbol\\",\\"Noto Color Emoji\\"",
        "fontStyle": undefined,
        "fontWeight": "500",
        "letterSpacing": "0px",
        "textDecoration": undefined,
        "textTransform": undefined,
      },
      "small": Object {
        "capsize": Object {
          "baselineTrim": "-0.4615em",
          "capHeightTrim": "-0.4615em",
          "fontSize": "13px",
          "lineHeight": "21.4545px",
        },
        "font": "Inter,ui-sans-serif,system-ui,-apple-system,BlinkMacSystemFont,\\"Segoe UI\\",Roboto,\\"Helvetica Neue\\",Arial,\\"Noto Sans\\",sans-serif,\\"Apple Color Emoji\\",\\"Segoe UI Emoji\\",\\"Segoe UI Symbol\\",\\"Noto Color Emoji\\"",
        "fontFamily": "Inter,ui-sans-serif,system-ui,-apple-system,BlinkMacSystemFont,\\"Segoe UI\\",Roboto,\\"Helvetica Neue\\",Arial,\\"Noto Sans\\",sans-serif,\\"Apple Color Emoji\\",\\"Segoe UI Emoji\\",\\"Segoe UI Symbol\\",\\"Noto Color Emoji\\"",
        "fontStyle": undefined,
        "fontWeight": "500",
        "letterSpacing": "0px",
        "textDecoration": undefined,
        "textTransform": undefined,
      },
      "xSmall": Object {
        "capsize": Object {
          "baselineTrim": "-0.5em",
          "capHeightTrim": "-0.5em",
          "fontSize": "12px",
          "lineHeight": "20.7273px",
        },
        "font": "Inter,ui-sans-serif,system-ui,-apple-system,BlinkMacSystemFont,\\"Segoe UI\\",Roboto,\\"Helvetica Neue\\",Arial,\\"Noto Sans\\",sans-serif,\\"Apple Color Emoji\\",\\"Segoe UI Emoji\\",\\"Segoe UI Symbol\\",\\"Noto Color Emoji\\"",
        "fontFamily": "Inter,ui-sans-serif,system-ui,-apple-system,BlinkMacSystemFont,\\"Segoe UI\\",Roboto,\\"Helvetica Neue\\",Arial,\\"Noto Sans\\",sans-serif,\\"Apple Color Emoji\\",\\"Segoe UI Emoji\\",\\"Segoe UI Symbol\\",\\"Noto Color Emoji\\"",
        "fontStyle": undefined,
        "fontWeight": "500",
        "letterSpacing": "0px",
        "textDecoration": undefined,
        "textTransform": undefined,
      },
    },
    "font": "Inter,ui-sans-serif,system-ui,-apple-system,BlinkMacSystemFont,\\"Segoe UI\\",Roboto,\\"Helvetica Neue\\",Arial,\\"Noto Sans\\",sans-serif,\\"Apple Color Emoji\\",\\"Segoe UI Emoji\\",\\"Segoe UI Symbol\\",\\"Noto Color Emoji\\"",
    "fontFamily": "Inter,ui-sans-serif,system-ui,-apple-system,BlinkMacSystemFont,\\"Segoe UI\\",Roboto,\\"Helvetica Neue\\",Arial,\\"Noto Sans\\",sans-serif,\\"Apple Color Emoji\\",\\"Segoe UI Emoji\\",\\"Segoe UI Symbol\\",\\"Noto Color Emoji\\"",
    "fontStyle": undefined,
    "fontWeight": "500",
    "letterSpacing": "0px",
    "mobile": Object {
      "medium": Object {
        "capsize": Object {
          "baselineTrim": "-0.5em",
          "capHeightTrim": "-0.5em",
          "fontSize": "16px",
          "lineHeight": "27.6364px",
        },
        "font": "Inter,ui-sans-serif,system-ui,-apple-system,BlinkMacSystemFont,\\"Segoe UI\\",Roboto,\\"Helvetica Neue\\",Arial,\\"Noto Sans\\",sans-serif,\\"Apple Color Emoji\\",\\"Segoe UI Emoji\\",\\"Segoe UI Symbol\\",\\"Noto Color Emoji\\"",
        "fontFamily": "Inter,ui-sans-serif,system-ui,-apple-system,BlinkMacSystemFont,\\"Segoe UI\\",Roboto,\\"Helvetica Neue\\",Arial,\\"Noto Sans\\",sans-serif,\\"Apple Color Emoji\\",\\"Segoe UI Emoji\\",\\"Segoe UI Symbol\\",\\"Noto Color Emoji\\"",
        "fontStyle": undefined,
        "fontWeight": "500",
        "letterSpacing": "0px",
        "textDecoration": undefined,
        "textTransform": undefined,
      },
      "small": Object {
        "capsize": Object {
          "baselineTrim": "-0.5em",
          "capHeightTrim": "-0.5em",
          "fontSize": "14px",
          "lineHeight": "24.1818px",
        },
        "font": "Inter,ui-sans-serif,system-ui,-apple-system,BlinkMacSystemFont,\\"Segoe UI\\",Roboto,\\"Helvetica Neue\\",Arial,\\"Noto Sans\\",sans-serif,\\"Apple Color Emoji\\",\\"Segoe UI Emoji\\",\\"Segoe UI Symbol\\",\\"Noto Color Emoji\\"",
        "fontFamily": "Inter,ui-sans-serif,system-ui,-apple-system,BlinkMacSystemFont,\\"Segoe UI\\",Roboto,\\"Helvetica Neue\\",Arial,\\"Noto Sans\\",sans-serif,\\"Apple Color Emoji\\",\\"Segoe UI Emoji\\",\\"Segoe UI Symbol\\",\\"Noto Color Emoji\\"",
        "fontStyle": undefined,
        "fontWeight": "500",
        "letterSpacing": "0px",
        "textDecoration": undefined,
        "textTransform": undefined,
      },
      "xSmall": Object {
        "capsize": Object {
          "baselineTrim": "-0.5em",
          "capHeightTrim": "-0.5em",
          "fontSize": "13px",
          "lineHeight": "22.4545px",
        },
        "font": "Inter,ui-sans-serif,system-ui,-apple-system,BlinkMacSystemFont,\\"Segoe UI\\",Roboto,\\"Helvetica Neue\\",Arial,\\"Noto Sans\\",sans-serif,\\"Apple Color Emoji\\",\\"Segoe UI Emoji\\",\\"Segoe UI Symbol\\",\\"Noto Color Emoji\\"",
        "fontFamily": "Inter,ui-sans-serif,system-ui,-apple-system,BlinkMacSystemFont,\\"Segoe UI\\",Roboto,\\"Helvetica Neue\\",Arial,\\"Noto Sans\\",sans-serif,\\"Apple Color Emoji\\",\\"Segoe UI Emoji\\",\\"Segoe UI Symbol\\",\\"Noto Color Emoji\\"",
        "fontStyle": undefined,
        "fontWeight": "500",
        "letterSpacing": "0px",
        "textDecoration": undefined,
        "textTransform": undefined,
      },
    },
    "styles": Object {
      "bold": Object {
        "fontStyle": undefined,
        "fontWeight": "500",
        "letterSpacing": "0px",
        "textDecoration": undefined,
        "textTransform": undefined,
      },
      "boldUppercase": Object {
        "fontStyle": undefined,
        "fontWeight": "500",
        "letterSpacing": "0.05em",
        "textDecoration": undefined,
        "textTransform": "uppercase",
      },
      "italic": Object {
        "fontStyle": "italic",
        "fontWeight": "400",
        "letterSpacing": "0px",
        "textDecoration": undefined,
        "textTransform": undefined,
      },
      "italicBold": Object {
        "fontStyle": "italic",
        "fontWeight": "400",
        "letterSpacing": "0px",
        "textDecoration": undefined,
        "textTransform": undefined,
      },
      "normal": Object {
        "fontStyle": undefined,
        "fontWeight": "500",
        "letterSpacing": "0px",
        "textDecoration": undefined,
        "textTransform": undefined,
      },
      "uppercase": Object {
        "fontStyle": undefined,
        "fontWeight": "400",
        "letterSpacing": "0.05em",
        "textDecoration": undefined,
        "textTransform": "uppercase",
      },
    },
    "tablet": Object {
      "medium": Object {
        "capsize": Object {
          "baselineTrim": "-0.5em",
          "capHeightTrim": "-0.5em",
          "fontSize": "15px",
          "lineHeight": "25.9091px",
        },
        "font": "Inter,ui-sans-serif,system-ui,-apple-system,BlinkMacSystemFont,\\"Segoe UI\\",Roboto,\\"Helvetica Neue\\",Arial,\\"Noto Sans\\",sans-serif,\\"Apple Color Emoji\\",\\"Segoe UI Emoji\\",\\"Segoe UI Symbol\\",\\"Noto Color Emoji\\"",
        "fontFamily": "Inter,ui-sans-serif,system-ui,-apple-system,BlinkMacSystemFont,\\"Segoe UI\\",Roboto,\\"Helvetica Neue\\",Arial,\\"Noto Sans\\",sans-serif,\\"Apple Color Emoji\\",\\"Segoe UI Emoji\\",\\"Segoe UI Symbol\\",\\"Noto Color Emoji\\"",
        "fontStyle": undefined,
        "fontWeight": "500",
        "letterSpacing": "0px",
        "textDecoration": undefined,
        "textTransform": undefined,
      },
      "small": Object {
        "capsize": Object {
          "baselineTrim": "-0.5em",
          "capHeightTrim": "-0.5em",
          "fontSize": "13px",
          "lineHeight": "22.4545px",
        },
        "font": "Inter,ui-sans-serif,system-ui,-apple-system,BlinkMacSystemFont,\\"Segoe UI\\",Roboto,\\"Helvetica Neue\\",Arial,\\"Noto Sans\\",sans-serif,\\"Apple Color Emoji\\",\\"Segoe UI Emoji\\",\\"Segoe UI Symbol\\",\\"Noto Color Emoji\\"",
        "fontFamily": "Inter,ui-sans-serif,system-ui,-apple-system,BlinkMacSystemFont,\\"Segoe UI\\",Roboto,\\"Helvetica Neue\\",Arial,\\"Noto Sans\\",sans-serif,\\"Apple Color Emoji\\",\\"Segoe UI Emoji\\",\\"Segoe UI Symbol\\",\\"Noto Color Emoji\\"",
        "fontStyle": undefined,
        "fontWeight": "500",
        "letterSpacing": "0px",
        "textDecoration": undefined,
        "textTransform": undefined,
      },
      "xSmall": Object {
        "capsize": Object {
          "baselineTrim": "-0.5em",
          "capHeightTrim": "-0.5em",
          "fontSize": "12px",
          "lineHeight": "20.7273px",
        },
        "font": "Inter,ui-sans-serif,system-ui,-apple-system,BlinkMacSystemFont,\\"Segoe UI\\",Roboto,\\"Helvetica Neue\\",Arial,\\"Noto Sans\\",sans-serif,\\"Apple Color Emoji\\",\\"Segoe UI Emoji\\",\\"Segoe UI Symbol\\",\\"Noto Color Emoji\\"",
        "fontFamily": "Inter,ui-sans-serif,system-ui,-apple-system,BlinkMacSystemFont,\\"Segoe UI\\",Roboto,\\"Helvetica Neue\\",Arial,\\"Noto Sans\\",sans-serif,\\"Apple Color Emoji\\",\\"Segoe UI Emoji\\",\\"Segoe UI Symbol\\",\\"Noto Color Emoji\\"",
        "fontStyle": undefined,
        "fontWeight": "500",
        "letterSpacing": "0px",
        "textDecoration": undefined,
        "textTransform": undefined,
      },
    },
    "textDecoration": undefined,
    "textTransform": undefined,
  },
  "paragraphs": Object {
    "desktop": Object {
      "large": Object {
        "capsize": Object {
          "baselineTrim": "-0.5em",
          "capHeightTrim": "-0.5em",
          "fontSize": "18px",
          "lineHeight": "31.0909px",
        },
        "font": "Inter,ui-sans-serif,system-ui,-apple-system,BlinkMacSystemFont,\\"Segoe UI\\",Roboto,\\"Helvetica Neue\\",Arial,\\"Noto Sans\\",sans-serif,\\"Apple Color Emoji\\",\\"Segoe UI Emoji\\",\\"Segoe UI Symbol\\",\\"Noto Color Emoji\\"",
        "fontFamily": "Inter,ui-sans-serif,system-ui,-apple-system,BlinkMacSystemFont,\\"Segoe UI\\",Roboto,\\"Helvetica Neue\\",Arial,\\"Noto Sans\\",sans-serif,\\"Apple Color Emoji\\",\\"Segoe UI Emoji\\",\\"Segoe UI Symbol\\",\\"Noto Color Emoji\\"",
        "fontStyle": undefined,
        "fontWeight": "400",
        "letterSpacing": "0px",
        "textDecoration": undefined,
        "textTransform": undefined,
      },
      "medium": Object {
        "capsize": Object {
          "baselineTrim": "-0.5em",
          "capHeightTrim": "-0.5em",
          "fontSize": "16px",
          "lineHeight": "27.6364px",
        },
        "font": "Inter,ui-sans-serif,system-ui,-apple-system,BlinkMacSystemFont,\\"Segoe UI\\",Roboto,\\"Helvetica Neue\\",Arial,\\"Noto Sans\\",sans-serif,\\"Apple Color Emoji\\",\\"Segoe UI Emoji\\",\\"Segoe UI Symbol\\",\\"Noto Color Emoji\\"",
        "fontFamily": "Inter,ui-sans-serif,system-ui,-apple-system,BlinkMacSystemFont,\\"Segoe UI\\",Roboto,\\"Helvetica Neue\\",Arial,\\"Noto Sans\\",sans-serif,\\"Apple Color Emoji\\",\\"Segoe UI Emoji\\",\\"Segoe UI Symbol\\",\\"Noto Color Emoji\\"",
        "fontStyle": undefined,
        "fontWeight": "400",
        "letterSpacing": "0px",
        "textDecoration": undefined,
        "textTransform": undefined,
      },
      "small": Object {
        "capsize": Object {
          "baselineTrim": "-0.5em",
          "capHeightTrim": "-0.5em",
          "fontSize": "14px",
          "lineHeight": "24.1818px",
        },
        "font": "Inter,ui-sans-serif,system-ui,-apple-system,BlinkMacSystemFont,\\"Segoe UI\\",Roboto,\\"Helvetica Neue\\",Arial,\\"Noto Sans\\",sans-serif,\\"Apple Color Emoji\\",\\"Segoe UI Emoji\\",\\"Segoe UI Symbol\\",\\"Noto Color Emoji\\"",
        "fontFamily": "Inter,ui-sans-serif,system-ui,-apple-system,BlinkMacSystemFont,\\"Segoe UI\\",Roboto,\\"Helvetica Neue\\",Arial,\\"Noto Sans\\",sans-serif,\\"Apple Color Emoji\\",\\"Segoe UI Emoji\\",\\"Segoe UI Symbol\\",\\"Noto Color Emoji\\"",
        "fontStyle": undefined,
        "fontWeight": "400",
        "letterSpacing": "0px",
        "textDecoration": undefined,
        "textTransform": undefined,
      },
      "xSmall": Object {
        "capsize": Object {
          "baselineTrim": "-0.5em",
          "capHeightTrim": "-0.5em",
          "fontSize": "12px",
          "lineHeight": "20.7273px",
        },
        "font": "Inter,ui-sans-serif,system-ui,-apple-system,BlinkMacSystemFont,\\"Segoe UI\\",Roboto,\\"Helvetica Neue\\",Arial,\\"Noto Sans\\",sans-serif,\\"Apple Color Emoji\\",\\"Segoe UI Emoji\\",\\"Segoe UI Symbol\\",\\"Noto Color Emoji\\"",
        "fontFamily": "Inter,ui-sans-serif,system-ui,-apple-system,BlinkMacSystemFont,\\"Segoe UI\\",Roboto,\\"Helvetica Neue\\",Arial,\\"Noto Sans\\",sans-serif,\\"Apple Color Emoji\\",\\"Segoe UI Emoji\\",\\"Segoe UI Symbol\\",\\"Noto Color Emoji\\"",
        "fontStyle": undefined,
        "fontWeight": "400",
        "letterSpacing": "0px",
        "textDecoration": undefined,
        "textTransform": undefined,
      },
    },
    "font": "Inter,ui-sans-serif,system-ui,-apple-system,BlinkMacSystemFont,\\"Segoe UI\\",Roboto,\\"Helvetica Neue\\",Arial,\\"Noto Sans\\",sans-serif,\\"Apple Color Emoji\\",\\"Segoe UI Emoji\\",\\"Segoe UI Symbol\\",\\"Noto Color Emoji\\"",
    "fontFamily": "Inter,ui-sans-serif,system-ui,-apple-system,BlinkMacSystemFont,\\"Segoe UI\\",Roboto,\\"Helvetica Neue\\",Arial,\\"Noto Sans\\",sans-serif,\\"Apple Color Emoji\\",\\"Segoe UI Emoji\\",\\"Segoe UI Symbol\\",\\"Noto Color Emoji\\"",
    "fontStyle": undefined,
    "fontWeight": "400",
    "letterSpacing": "0px",
    "mobile": Object {
      "large": Object {
        "capsize": Object {
          "baselineTrim": "-0.4444em",
          "capHeightTrim": "-0.4444em",
          "fontSize": "18px",
          "lineHeight": "29.0909px",
        },
        "font": "Inter,ui-sans-serif,system-ui,-apple-system,BlinkMacSystemFont,\\"Segoe UI\\",Roboto,\\"Helvetica Neue\\",Arial,\\"Noto Sans\\",sans-serif,\\"Apple Color Emoji\\",\\"Segoe UI Emoji\\",\\"Segoe UI Symbol\\",\\"Noto Color Emoji\\"",
        "fontFamily": "Inter,ui-sans-serif,system-ui,-apple-system,BlinkMacSystemFont,\\"Segoe UI\\",Roboto,\\"Helvetica Neue\\",Arial,\\"Noto Sans\\",sans-serif,\\"Apple Color Emoji\\",\\"Segoe UI Emoji\\",\\"Segoe UI Symbol\\",\\"Noto Color Emoji\\"",
        "fontStyle": undefined,
        "fontWeight": "400",
        "letterSpacing": "0px",
        "textDecoration": undefined,
        "textTransform": undefined,
      },
      "medium": Object {
        "capsize": Object {
          "baselineTrim": "-0.4375em",
          "capHeightTrim": "-0.4375em",
          "fontSize": "16px",
          "lineHeight": "25.6364px",
        },
        "font": "Inter,ui-sans-serif,system-ui,-apple-system,BlinkMacSystemFont,\\"Segoe UI\\",Roboto,\\"Helvetica Neue\\",Arial,\\"Noto Sans\\",sans-serif,\\"Apple Color Emoji\\",\\"Segoe UI Emoji\\",\\"Segoe UI Symbol\\",\\"Noto Color Emoji\\"",
        "fontFamily": "Inter,ui-sans-serif,system-ui,-apple-system,BlinkMacSystemFont,\\"Segoe UI\\",Roboto,\\"Helvetica Neue\\",Arial,\\"Noto Sans\\",sans-serif,\\"Apple Color Emoji\\",\\"Segoe UI Emoji\\",\\"Segoe UI Symbol\\",\\"Noto Color Emoji\\"",
        "fontStyle": undefined,
        "fontWeight": "400",
        "letterSpacing": "0px",
        "textDecoration": undefined,
        "textTransform": undefined,
      },
      "small": Object {
        "capsize": Object {
          "baselineTrim": "-0.4286em",
          "capHeightTrim": "-0.4286em",
          "fontSize": "14px",
          "lineHeight": "22.1818px",
        },
        "font": "Inter,ui-sans-serif,system-ui,-apple-system,BlinkMacSystemFont,\\"Segoe UI\\",Roboto,\\"Helvetica Neue\\",Arial,\\"Noto Sans\\",sans-serif,\\"Apple Color Emoji\\",\\"Segoe UI Emoji\\",\\"Segoe UI Symbol\\",\\"Noto Color Emoji\\"",
        "fontFamily": "Inter,ui-sans-serif,system-ui,-apple-system,BlinkMacSystemFont,\\"Segoe UI\\",Roboto,\\"Helvetica Neue\\",Arial,\\"Noto Sans\\",sans-serif,\\"Apple Color Emoji\\",\\"Segoe UI Emoji\\",\\"Segoe UI Symbol\\",\\"Noto Color Emoji\\"",
        "fontStyle": undefined,
        "fontWeight": "400",
        "letterSpacing": "0px",
        "textDecoration": undefined,
        "textTransform": undefined,
      },
      "xSmall": Object {
        "capsize": Object {
          "baselineTrim": "-0.4167em",
          "capHeightTrim": "-0.4167em",
          "fontSize": "12px",
          "lineHeight": "18.7273px",
        },
        "font": "Inter,ui-sans-serif,system-ui,-apple-system,BlinkMacSystemFont,\\"Segoe UI\\",Roboto,\\"Helvetica Neue\\",Arial,\\"Noto Sans\\",sans-serif,\\"Apple Color Emoji\\",\\"Segoe UI Emoji\\",\\"Segoe UI Symbol\\",\\"Noto Color Emoji\\"",
        "fontFamily": "Inter,ui-sans-serif,system-ui,-apple-system,BlinkMacSystemFont,\\"Segoe UI\\",Roboto,\\"Helvetica Neue\\",Arial,\\"Noto Sans\\",sans-serif,\\"Apple Color Emoji\\",\\"Segoe UI Emoji\\",\\"Segoe UI Symbol\\",\\"Noto Color Emoji\\"",
        "fontStyle": undefined,
        "fontWeight": "400",
        "letterSpacing": "0px",
        "textDecoration": undefined,
        "textTransform": undefined,
      },
    },
    "styles": Object {
      "bold": Object {
        "fontStyle": undefined,
        "fontWeight": "500",
        "letterSpacing": "0px",
        "textDecoration": undefined,
        "textTransform": undefined,
      },
      "boldUppercase": Object {
        "fontStyle": undefined,
        "fontWeight": "500",
        "letterSpacing": "0.05em",
        "textDecoration": undefined,
        "textTransform": "uppercase",
      },
      "italic": Object {
        "fontStyle": "italic",
        "fontWeight": "400",
        "letterSpacing": "0px",
        "textDecoration": undefined,
        "textTransform": undefined,
      },
      "italicBold": Object {
        "fontStyle": "italic",
        "fontWeight": "500",
        "letterSpacing": "0px",
        "textDecoration": undefined,
        "textTransform": undefined,
      },
      "normal": Object {
        "fontStyle": undefined,
        "fontWeight": "400",
        "letterSpacing": "0px",
        "textDecoration": undefined,
        "textTransform": undefined,
      },
      "uppercase": Object {
        "fontStyle": undefined,
        "fontWeight": "400",
        "letterSpacing": "0.05em",
        "textDecoration": undefined,
        "textTransform": "uppercase",
      },
    },
    "tablet": Object {
      "large": Object {
        "capsize": Object {
          "baselineTrim": "-0.4444em",
          "capHeightTrim": "-0.4444em",
          "fontSize": "18px",
          "lineHeight": "29.0909px",
        },
        "font": "Inter,ui-sans-serif,system-ui,-apple-system,BlinkMacSystemFont,\\"Segoe UI\\",Roboto,\\"Helvetica Neue\\",Arial,\\"Noto Sans\\",sans-serif,\\"Apple Color Emoji\\",\\"Segoe UI Emoji\\",\\"Segoe UI Symbol\\",\\"Noto Color Emoji\\"",
        "fontFamily": "Inter,ui-sans-serif,system-ui,-apple-system,BlinkMacSystemFont,\\"Segoe UI\\",Roboto,\\"Helvetica Neue\\",Arial,\\"Noto Sans\\",sans-serif,\\"Apple Color Emoji\\",\\"Segoe UI Emoji\\",\\"Segoe UI Symbol\\",\\"Noto Color Emoji\\"",
        "fontStyle": undefined,
        "fontWeight": "400",
        "letterSpacing": "0px",
        "textDecoration": undefined,
        "textTransform": undefined,
      },
      "medium": Object {
        "capsize": Object {
          "baselineTrim": "-0.4375em",
          "capHeightTrim": "-0.4375em",
          "fontSize": "16px",
          "lineHeight": "25.6364px",
        },
        "font": "Inter,ui-sans-serif,system-ui,-apple-system,BlinkMacSystemFont,\\"Segoe UI\\",Roboto,\\"Helvetica Neue\\",Arial,\\"Noto Sans\\",sans-serif,\\"Apple Color Emoji\\",\\"Segoe UI Emoji\\",\\"Segoe UI Symbol\\",\\"Noto Color Emoji\\"",
        "fontFamily": "Inter,ui-sans-serif,system-ui,-apple-system,BlinkMacSystemFont,\\"Segoe UI\\",Roboto,\\"Helvetica Neue\\",Arial,\\"Noto Sans\\",sans-serif,\\"Apple Color Emoji\\",\\"Segoe UI Emoji\\",\\"Segoe UI Symbol\\",\\"Noto Color Emoji\\"",
        "fontStyle": undefined,
        "fontWeight": "400",
        "letterSpacing": "0px",
        "textDecoration": undefined,
        "textTransform": undefined,
      },
      "small": Object {
        "capsize": Object {
          "baselineTrim": "-0.4286em",
          "capHeightTrim": "-0.4286em",
          "fontSize": "14px",
          "lineHeight": "22.1818px",
        },
        "font": "Inter,ui-sans-serif,system-ui,-apple-system,BlinkMacSystemFont,\\"Segoe UI\\",Roboto,\\"Helvetica Neue\\",Arial,\\"Noto Sans\\",sans-serif,\\"Apple Color Emoji\\",\\"Segoe UI Emoji\\",\\"Segoe UI Symbol\\",\\"Noto Color Emoji\\"",
        "fontFamily": "Inter,ui-sans-serif,system-ui,-apple-system,BlinkMacSystemFont,\\"Segoe UI\\",Roboto,\\"Helvetica Neue\\",Arial,\\"Noto Sans\\",sans-serif,\\"Apple Color Emoji\\",\\"Segoe UI Emoji\\",\\"Segoe UI Symbol\\",\\"Noto Color Emoji\\"",
        "fontStyle": undefined,
        "fontWeight": "400",
        "letterSpacing": "0px",
        "textDecoration": undefined,
        "textTransform": undefined,
      },
      "xSmall": Object {
        "capsize": Object {
          "baselineTrim": "-0.4167em",
          "capHeightTrim": "-0.4167em",
          "fontSize": "12px",
          "lineHeight": "18.7273px",
        },
        "font": "Inter,ui-sans-serif,system-ui,-apple-system,BlinkMacSystemFont,\\"Segoe UI\\",Roboto,\\"Helvetica Neue\\",Arial,\\"Noto Sans\\",sans-serif,\\"Apple Color Emoji\\",\\"Segoe UI Emoji\\",\\"Segoe UI Symbol\\",\\"Noto Color Emoji\\"",
        "fontFamily": "Inter,ui-sans-serif,system-ui,-apple-system,BlinkMacSystemFont,\\"Segoe UI\\",Roboto,\\"Helvetica Neue\\",Arial,\\"Noto Sans\\",sans-serif,\\"Apple Color Emoji\\",\\"Segoe UI Emoji\\",\\"Segoe UI Symbol\\",\\"Noto Color Emoji\\"",
        "fontStyle": undefined,
        "fontWeight": "400",
        "letterSpacing": "0px",
        "textDecoration": undefined,
        "textTransform": undefined,
      },
    },
    "textDecoration": undefined,
    "textTransform": undefined,
  },
  "titles": Object {
    "desktop": Object {
      "t1": Object {
        "capsize": Object {
          "baselineTrim": "-0.3485em",
          "capHeightTrim": "-0.4015em",
          "fontSize": "60px",
          "lineHeight": "87px",
        },
        "font": "PT Serif,ui-serif,Georgia,Cambria,\\"Times New Roman\\",Times,serif",
        "fontFamily": "PT Serif,ui-serif,Georgia,Cambria,\\"Times New Roman\\",Times,serif",
        "fontStyle": undefined,
        "fontWeight": "700",
        "letterSpacing": "0px",
        "textDecoration": undefined,
        "textTransform": undefined,
      },
      "t2": Object {
        "capsize": Object {
          "baselineTrim": "-0.2846em",
          "capHeightTrim": "-0.3376em",
          "fontSize": "51.43px",
          "lineHeight": "68px",
        },
        "font": "PT Serif,ui-serif,Georgia,Cambria,\\"Times New Roman\\",Times,serif",
        "fontFamily": "PT Serif,ui-serif,Georgia,Cambria,\\"Times New Roman\\",Times,serif",
        "fontStyle": undefined,
        "fontWeight": "700",
        "letterSpacing": "0px",
        "textDecoration": undefined,
        "textTransform": undefined,
      },
    },
    "font": "PT Serif,ui-serif,Georgia,Cambria,\\"Times New Roman\\",Times,serif",
    "fontFamily": "PT Serif,ui-serif,Georgia,Cambria,\\"Times New Roman\\",Times,serif",
    "fontStyle": undefined,
    "fontWeight": "700",
    "letterSpacing": "0px",
    "mobile": Object {
      "t1": Object {
        "capsize": Object {
          "baselineTrim": "-0.2206em",
          "capHeightTrim": "-0.2736em",
          "fontSize": "48.57px",
          "lineHeight": "58px",
        },
        "font": "PT Serif,ui-serif,Georgia,Cambria,\\"Times New Roman\\",Times,serif",
        "fontFamily": "PT Serif,ui-serif,Georgia,Cambria,\\"Times New Roman\\",Times,serif",
        "fontStyle": undefined,
        "fontWeight": "700",
        "letterSpacing": "0px",
        "textDecoration": undefined,
        "textTransform": undefined,
      },
      "t2": Object {
        "capsize": Object {
          "baselineTrim": "-0.2485em",
          "capHeightTrim": "-0.3015em",
          "fontSize": "40px",
          "lineHeight": "50px",
        },
        "font": "PT Serif,ui-serif,Georgia,Cambria,\\"Times New Roman\\",Times,serif",
        "fontFamily": "PT Serif,ui-serif,Georgia,Cambria,\\"Times New Roman\\",Times,serif",
        "fontStyle": undefined,
        "fontWeight": "700",
        "letterSpacing": "0px",
        "textDecoration": undefined,
        "textTransform": undefined,
      },
    },
    "styles": Object {},
    "tablet": Object {
      "t1": Object {
        "capsize": Object {
          "baselineTrim": "-0.2314em",
          "capHeightTrim": "-0.2844em",
          "fontSize": "54.29px",
          "lineHeight": "66px",
        },
        "font": "PT Serif,ui-serif,Georgia,Cambria,\\"Times New Roman\\",Times,serif",
        "fontFamily": "PT Serif,ui-serif,Georgia,Cambria,\\"Times New Roman\\",Times,serif",
        "fontStyle": undefined,
        "fontWeight": "700",
        "letterSpacing": "0px",
        "textDecoration": undefined,
        "textTransform": undefined,
      },
      "t2": Object {
        "capsize": Object {
          "baselineTrim": "-0.2579em",
          "capHeightTrim": "-0.3109em",
          "fontSize": "45.71px",
          "lineHeight": "58px",
        },
        "font": "PT Serif,ui-serif,Georgia,Cambria,\\"Times New Roman\\",Times,serif",
        "fontFamily": "PT Serif,ui-serif,Georgia,Cambria,\\"Times New Roman\\",Times,serif",
        "fontStyle": undefined,
        "fontWeight": "700",
        "letterSpacing": "0px",
        "textDecoration": undefined,
        "textTransform": undefined,
      },
    },
    "textDecoration": undefined,
    "textTransform": undefined,
  },
}
`;
