// Jest Snapshot v1, https://goo.gl/fbAQLP

exports[`colors utilities getCSSColorsV2 should generate a CSS colors from a Colors object 1`] = `
Object {
  "colorIntents": Object {
    "accessibilityColor": "hsl(222, 50%, 32%, 1)",
    "background0": "hsl(222, 6%, 100%, 1)",
    "background1": "hsl(222, 6%, 97%, 1)",
    "background2": "hsl(222, 6%, 93%, 1)",
    "backgroundDisabled": "hsl(222, 6%, 90%, 1)",
    "current": "currentColor",
    "dangerAction": "hsl(360, 84%, 48%, 1)",
    "dangerBackground": "hsl(360, 84%, 90%, 1)",
    "dangerText": "hsl(360, 84%, 6%, 1)",
    "disabled": "hsl(222, 6%, 66%, 1)",
    "disabledText": "hsl(222, 6%, 73%, 1)",
    "elevation0": "hsl(222, 6%, 100%, 1)",
    "elevation0Grey": "hsl(222, 6%, 100%, 1)",
    "elevation1": "hsl(222, 6%, 100%, 1)",
    "elevation1Grey": "hsl(222, 6%, 98%, 1)",
    "elevation2": "hsl(222, 6%, 100%, 1)",
    "elevation2Grey": "hsl(222, 6%, 95%, 1)",
    "elevation3": "hsl(222, 6%, 100%, 1)",
    "elevation3Grey": "hsl(222, 6%, 92%, 1)",
    "elevation4": "hsl(222, 6%, 100%, 1)",
    "elevation4Grey": "hsl(222, 6%, 89%, 1)",
    "infoAction": "hsl(112, 50%, 53%, 1)",
    "infoBackground": "hsl(112, 50%, 95%, 1)",
    "infoText": "hsl(112, 50%, 11%, 1)",
    "isLight": "1",
    "primary": "hsl(222, 50%, 50%, 1)",
    "primaryText": "hsl(222, 6%, 7%, 1)",
    "secondary": "hsl(323, 80%, 50%, 1)",
    "secondaryText": "hsl(222, 6%, 46%, 1)",
    "successAction": "hsl(112, 71%, 53%, 1)",
    "successBackground": "hsl(112, 71%, 95%, 1)",
    "successText": "hsl(112, 71%, 11%, 1)",
    "tertiaryText": "hsl(222, 6%, 66%, 1)",
    "transparent": "hsl(0, 0%, 0%, 0)",
    "warningAction": "hsl(47, 90%, 54%, 1)",
    "warningBackground": "hsl(47, 90%, 96%, 1)",
    "warningText": "hsl(47, 90%, 12%, 1)",
  },
  "colorScheme": "light",
  "colors": Object {
    "accent1": Object {
      "100": "hsl(323, 80%, 90%, 1)",
      "300": "hsl(323, 80%, 70%, 1)",
      "500": "hsl(323, 80%, 50%, 1)",
      "700": "hsl(323, 80%, 30%, 1)",
      "900": "hsl(323, 80%, 10%, 1)",
      "baseHue": "323",
      "baseSat": "80%",
    },
    "accent2": Object {
      "100": "hsl(290, 50%, 90%, 1)",
      "300": "hsl(290, 50%, 70%, 1)",
      "500": "hsl(290, 50%, 50%, 1)",
      "700": "hsl(290, 50%, 30%, 1)",
      "900": "hsl(290, 50%, 10%, 1)",
      "baseHue": "290",
      "baseSat": "50%",
    },
    "accent3": Object {
      "100": "hsl(0, , 86%, 1)",
      "300": "hsl(0, , 68%, 1)",
      "500": "hsl(0, , 50%, 1)",
      "700": "hsl(0, , 32%, 1)",
      "900": "hsl(0, , 14%, 1)",
      "baseHue": "0",
      "baseSat": "0%",
    },
    "accent4": Object {
      "100": "hsl(0, , 86%, 1)",
      "300": "hsl(0, , 68%, 1)",
      "500": "hsl(0, , 50%, 1)",
      "700": "hsl(0, , 32%, 1)",
      "900": "hsl(0, , 14%, 1)",
      "baseHue": "0",
      "baseSat": "0%",
    },
    "accent5": Object {
      "100": "hsl(0, , 86%, 1)",
      "300": "hsl(0, , 68%, 1)",
      "500": "hsl(0, , 50%, 1)",
      "700": "hsl(0, , 32%, 1)",
      "900": "hsl(0, , 14%, 1)",
      "baseHue": "0",
      "baseSat": "0%",
    },
    "accent6": Object {
      "100": "hsl(0, , 86%, 1)",
      "300": "hsl(0, , 68%, 1)",
      "500": "hsl(0, , 50%, 1)",
      "700": "hsl(0, , 32%, 1)",
      "900": "hsl(0, , 14%, 1)",
      "baseHue": "0",
      "baseSat": "0%",
    },
    "accent7": Object {
      "100": "hsl(0, , 86%, 1)",
      "300": "hsl(0, , 68%, 1)",
      "500": "hsl(0, , 50%, 1)",
      "700": "hsl(0, , 32%, 1)",
      "900": "hsl(0, , 14%, 1)",
      "baseHue": "0",
      "baseSat": "0%",
    },
    "code": Object {
      "codeAtrule": "hsl(195, 90%, 33%, 1)",
      "codeAttrName": "hsl(195, 90%, 33%, 1)",
      "codeAttrValue": "hsl(334, 86%, 48%, 1)",
      "codeBoolean": "hsl(179, 62%, 32%, 1)",
      "codeCdata": "hsl(60, 8%, 57%, 1)",
      "codeClassName": "hsl(240, 80%, 40%, 1)",
      "codeComment": "hsl(60, 8%, 57%, 1)",
      "codeConstant": "hsl(240, 80%, 40%, 1)",
      "codeDeleted": "hsl(294, 66%, 54%, 1)",
      "codeDoctype": "hsl(60, 8%, 57%, 1)",
      "codeEntity": "hsl(179, 62%, 32%, 1)",
      "codeFunction": "hsl(294, 66%, 54%, 1)",
      "codeFunctionVariable": "hsl(354, 66%, 54%, 1)",
      "codeHashbang": "hsl(213, 13%, 16%, 1)",
      "codeImportant": "hsl(213, 13%, 16%, 1)",
      "codeIncludedCdata": "hsl(213, 13%, 16%, 1)",
      "codeInserted": "hsl(179, 62%, 32%, 1)",
      "codeInternalSubset": "hsl(213, 13%, 16%, 1)",
      "codeInterpolation": "hsl(213, 13%, 16%, 1)",
      "codeInterpolationPunctuation": "hsl(213, 13%, 16%, 1)",
      "codeKeyword": "hsl(240, 80%, 40%, 1)",
      "codeLiteralProperty": "hsl(213, 13%, 16%, 1)",
      "codeMaybeClassName": "hsl(150, 57%, 32%, 1)",
      "codeNamespace": "hsl(70, 5%, 22%, 1)",
      "codeNumber": "hsl(179, 62%, 32%, 1)",
      "codeOperator": "hsl(176, 59%, 31%, 1)",
      "codeParameter": "hsl(354, 66%, 54%, 1)",
      "codeProlog": "hsl(60, 8%, 57%, 1)",
      "codeProperty": "hsl(179, 62%, 32%, 1)",
      "codePunctuation": "hsl(70, 5%, 22%, 1)",
      "codeRegex": "hsl(179, 62%, 32%, 1)",
      "codeRegexSource": "hsl(70, 5%, 22%, 1)",
      "codeScript": "hsl(213, 13%, 16%, 1)",
      "codeSelector": "hsl(195, 90%, 33%, 1)",
      "codeSelectorFunctionArgument": "hsl(70, 5%, 22%, 1)",
      "codeString": "hsl(334, 86%, 48%, 1)",
      "codeStringProperty": "hsl(70, 5%, 22%, 1)",
      "codeStyle": "hsl(70, 5%, 22%, 1)",
      "codeSymbol": "hsl(179, 62%, 32%, 1)",
      "codeTag": "hsl(240, 80%, 40%, 1)",
      "codeTemplatePunctuation": "hsl(70, 5%, 22%, 1)",
      "codeTemplateString": "hsl(70, 5%, 22%, 1)",
      "codeUnit": "hsl(195, 90%, 33%, 1)",
      "codeUrl": "hsl(179, 62%, 32%, 1)",
      "codeValue": "hsl(70, 5%, 22%, 1)",
      "codeVariable": "hsl(23, 100%, 29%, 1)",
      "editorBackground": "hsl(210, 29%, 97%, 1)",
      "editorForeground": "hsl(213, 13%, 16%, 1)",
      "editorHeaderBackground": "hsl(258, 48%, 83%, 1)",
      "editorHeaderForeground": "hsl(70, 5%, 22%, 1)",
      "editorHeaderTagBackground": "hsl(323, 100%, 81%, 1)",
      "editorHeaderTagForeground": "hsl(70, 5%, 22%, 1)",
      "editorSelectionBackground": "hsl(212, 97%, 43%, 0.15)",
    },
    "current": "currentColor",
    "effectTransparentHeavy": "hsl(0, 0%, 0%, 0.13)",
    "effectTransparentLight": "hsl(0, 0%, 0%, 0.1)",
    "effectTransparentMedium": "hsl(0, 0%, 0%, 0.1)",
    "grey": Object {
      "0": "hsl(222, 6%, 100%, 1)",
      "0-reversed": "hsl(222, 6%, 100%, 1)",
      "100": "hsl(222, 6%, 90%, 1)",
      "100-reversed": "hsl(222, 6%, , 1)",
      "1000": "hsl(222, 6%, 7%, 1)",
      "200": "hsl(222, 6%, 86%, 1)",
      "200-reversed": "hsl(222, 6%, , 1)",
      "25": "hsl(222, 6%, 97%, 1)",
      "300": "hsl(222, 6%, 83%, 1)",
      "400": "hsl(222, 6%, 73%, 1)",
      "50": "hsl(222, 6%, 93%, 1)",
      "500": "hsl(222, 6%, 66%, 1)",
      "600": "hsl(222, 6%, 59%, 1)",
      "700": "hsl(222, 6%, 46%, 1)",
      "800": "hsl(222, 6%, 26%, 1)",
      "900": "hsl(222, 6%, 13%, 1)",
      "baseHue": "222",
      "baseSat": "6%",
      "e0": "hsl(222, 6%, 100%, 1)",
      "e0-grey": "hsl(222, 6%, 100%, 1)",
      "e1": "hsl(222, 6%, 100%, 1)",
      "e1-grey": "hsl(222, 6%, 98%, 1)",
      "e2": "hsl(222, 6%, 100%, 1)",
      "e2-grey": "hsl(222, 6%, 95%, 1)",
      "e3": "hsl(222, 6%, 100%, 1)",
      "e3-grey": "hsl(222, 6%, 92%, 1)",
      "e4": "hsl(222, 6%, 100%, 1)",
      "e4-grey": "hsl(222, 6%, 89%, 1)",
    },
    "primary": Object {
      "100": "hsl(222, 50%, 86%, 1)",
      "300": "hsl(222, 50%, 68%, 1)",
      "500": "hsl(222, 50%, 50%, 1)",
      "700": "hsl(222, 50%, 32%, 1)",
      "900": "hsl(222, 50%, 14%, 1)",
      "baseHue": "222",
      "baseSat": "50%",
    },
    "transparent": "hsl(0, 0%, 0%, 0)",
    "utilityGreen": Object {
      "100": "hsl(112, 71%, 95%, 1)",
      "300": "hsl(112, 71%, 74%, 1)",
      "500": "hsl(112, 71%, 53%, 1)",
      "700": "hsl(112, 71%, 32%, 1)",
      "900": "hsl(112, 71%, 11%, 1)",
      "baseHue": "112",
      "baseSat": "71%",
    },
    "utilityNeutral": Object {
      "100": "hsl(112, 50%, 95%, 1)",
      "300": "hsl(112, 50%, 74%, 1)",
      "500": "hsl(112, 50%, 53%, 1)",
      "700": "hsl(112, 50%, 32%, 1)",
      "900": "hsl(112, 50%, 11%, 1)",
      "baseHue": "112",
      "baseSat": "50%",
    },
    "utilityRed": Object {
      "100": "hsl(360, 84%, 90%, 1)",
      "300": "hsl(360, 84%, 69%, 1)",
      "500": "hsl(360, 84%, 48%, 1)",
      "700": "hsl(360, 84%, 27%, 1)",
      "900": "hsl(360, 84%, 6%, 1)",
      "baseHue": "360",
      "baseSat": "84%",
    },
    "utilityYellow": Object {
      "100": "hsl(47, 90%, 96%, 1)",
      "300": "hsl(47, 90%, 75%, 1)",
      "500": "hsl(47, 90%, 54%, 1)",
      "700": "hsl(47, 90%, 33%, 1)",
      "900": "hsl(47, 90%, 12%, 1)",
      "baseHue": "47",
      "baseSat": "90%",
    },
  },
  "gradients": Object {
    "gradient1": "linear-gradient(45deg, hsl(323, 80%, 90%, 1) 0%,hsl(323, 80%, 50%, 1) 100%)",
    "gradient2": "linear-gradient(45deg, hsl(290, 50%, 90%, 1) 0%,hsl(290, 50%, 50%, 1) 100%)",
    "gradient3": "linear-gradient(45deg, hsl(0, 0%, 86%, 1) 0%,hsl(0, 0%, 50%, 1) 100%)",
  },
}
`;
