// Jest Snapshot v1, https://goo.gl/fbAQLP

exports[`iconography utilities getCSSIconography should create a valid CSS typography object 1`] = `
Object {
  "sizes": Object {
    "desktop": Object {
      "large": "32px",
      "medium": "24px",
      "small": "20px",
    },
    "mobile": Object {
      "large": "32px",
      "medium": "24px",
      "small": "20px",
    },
    "tablet": Object {
      "large": "32px",
      "medium": "24px",
      "small": "20px",
    },
  },
}
`;
